// Jest Snapshot v1, https://goo.gl/fbAQLP

exports[`does things matches a snapchat 1`] = `<ul />`;
