// Jest Snapshot v1, https://goo.gl/fbAQLP

exports[`App matches a snapshot 1`] = `
Array [
  <h1>
    Rick and Mort, Yo!
  </h1>,
  <div
    className="characters"
  >
    <header>
      <p>
        Current Page: 
        1
      </p>
      <p>
        Total Pages: 
        1
      </p>
    </header>
    <button
      onClick={[Function]}
    >
      &lt;
    </button>
    <button
      onClick={[Function]}
    >
      &gt;
    </button>
    <ul />
  </div>,
  <header>
    <p>
      Current Page: 
      1
    </p>
    <p>
      Total Pages: 
      1
    </p>
  </header>,
  <button
    onClick={[Function]}
  >
    &lt;
  </button>,
  <button
    onClick={[Function]}
  >
    &gt;
  </button>,
  <ul />,
]
`;
