// Jest Snapshot v1, https://goo.gl/fbAQLP

exports[`Characters matches a snapshot 1`] = `
<ul>
  <li>
    <h2>
      Rick Sanchez
    </h2>
    <p>
      Alive
    </p>
    <p>
      Human
    </p>
    <p>
      Male
    </p>
  </li>
  <li>
    <h2>
      Morty Smith
    </h2>
    <p>
      Alive
    </p>
    <p>
      Human
    </p>
    <p>
      Male
    </p>
  </li>
  <li>
    <h2>
      Summer Smith
    </h2>
    <p>
      Alive
    </p>
    <p>
      Human
    </p>
    <p>
      Female
    </p>
  </li>
  <li>
    <h2>
      Beth Smith
    </h2>
    <p>
      Alive
    </p>
    <p>
      Human
    </p>
    <p>
      Female
    </p>
  </li>
  <li>
    <h2>
      Jerry Smith
    </h2>
    <p>
      Alive
    </p>
    <p>
      Human
    </p>
    <p>
      Male
    </p>
  </li>
  <li>
    <h2>
      Abadango Cluster Princess
    </h2>
    <p>
      Alive
    </p>
    <p>
      Alien
    </p>
    <p>
      Female
    </p>
  </li>
  <li>
    <h2>
      Abradolf Lincler
    </h2>
    <p>
      unknown
    </p>
    <p>
      Human
    </p>
    <p>
      Male
    </p>
  </li>
  <li>
    <h2>
      Adjudicator Rick
    </h2>
    <p>
      Dead
    </p>
    <p>
      Human
    </p>
    <p>
      Male
    </p>
  </li>
  <li>
    <h2>
      Agency Director
    </h2>
    <p>
      Dead
    </p>
    <p>
      Human
    </p>
    <p>
      Male
    </p>
  </li>
  <li>
    <h2>
      Alan Rails
    </h2>
    <p>
      Dead
    </p>
    <p>
      Human
    </p>
    <p>
      Male
    </p>
  </li>
  <li>
    <h2>
      Albert Einstein
    </h2>
    <p>
      Dead
    </p>
    <p>
      Human
    </p>
    <p>
      Male
    </p>
  </li>
  <li>
    <h2>
      Alexander
    </h2>
    <p>
      Dead
    </p>
    <p>
      Human
    </p>
    <p>
      Male
    </p>
  </li>
  <li>
    <h2>
      Alien Googah
    </h2>
    <p>
      unknown
    </p>
    <p>
      Alien
    </p>
    <p>
      unknown
    </p>
  </li>
  <li>
    <h2>
      Alien Morty
    </h2>
    <p>
      unknown
    </p>
    <p>
      Alien
    </p>
    <p>
      Male
    </p>
  </li>
  <li>
    <h2>
      Alien Rick
    </h2>
    <p>
      unknown
    </p>
    <p>
      Alien
    </p>
    <p>
      Male
    </p>
  </li>
  <li>
    <h2>
      Amish Cyborg
    </h2>
    <p>
      Dead
    </p>
    <p>
      Alien
    </p>
    <p>
      Male
    </p>
  </li>
  <li>
    <h2>
      Annie
    </h2>
    <p>
      Alive
    </p>
    <p>
      Human
    </p>
    <p>
      Female
    </p>
  </li>
  <li>
    <h2>
      Antenna Morty
    </h2>
    <p>
      Alive
    </p>
    <p>
      Human
    </p>
    <p>
      Male
    </p>
  </li>
  <li>
    <h2>
      Antenna Rick
    </h2>
    <p>
      unknown
    </p>
    <p>
      Human
    </p>
    <p>
      Male
    </p>
  </li>
  <li>
    <h2>
      Ants in my Eyes Johnson
    </h2>
    <p>
      unknown
    </p>
    <p>
      Human
    </p>
    <p>
      Male
    </p>
  </li>
</ul>
`;
